scripts/simulate_flow.ts(8,11): error TS6133: 'patient' is declared but its value is never read.
scripts/simulate_flow.ts(9,18): error TS2353: Object literal may only specify known properties, and 'email' does not exist in type 'PatientWhereInput'.
