Testing getProfile for adminId 15...
prisma:query SELECT `medivault_db`.`admin`.`admin_id`, `medivault_db`.`admin`.`email`, `medivault_db`.`admin`.`password_hash`, `medivault_db`.`admin`.`phone_number`, `medivault_db`.`admin`.`user_type`, `medivault_db`.`admin`.`created_at`, `medivault_db`.`admin`.`updated_at`, `medivault_db`.`admin`.`last_login`, `medivault_db`.`admin`.`account_status`, `medivault_db`.`admin`.`email_verified` FROM `medivault_db`.`admin` WHERE (`medivault_db`.`admin`.`admin_id` = ? AND 1=1) LIMIT ? OFFSET ?
Admin: Found
prisma:query SELECT `medivault_db`.`hospital`.`hospital_id`, `medivault_db`.`hospital`.`admin_id`, `medivault_db`.`hospital`.`address`, `medivault_db`.`hospital`.`city`, `medivault_db`.`hospital`.`state`, `medivault_db`.`hospital`.`phone_number`, `medivault_db`.`hospital`.`email`, `medivault_db`.`hospital`.`latitude`, `medivault_db`.`hospital`.`longitude`, `medivault_db`.`hospital`.`hospital_type`, `medivault_db`.`hospital`.`rating`, `medivault_db`.`hospital`.`is_verified`, `medivault_db`.`hospital`.`created_at`, `medivault_db`.`hospital`.`updated_at`, `medivault_db`.`hospital`.`hospital_name` FROM `medivault_db`.`hospital` WHERE `medivault_db`.`hospital`.`admin_id` = ? LIMIT ? OFFSET ?
prisma:error 
Invalid `prisma.hospital.findFirst()` invocation in
C:\Users\Ronii\Documents\MediVault Files\backend\src\modules\hospitals\hospital-admin.service.ts:19:55

  16 
  17 export class HospitalAdminService {
  18     private async getHospitalByAdminId(adminId: number) {
ΓåÆ 19         const hospitalByAdmin = await prisma.hospital.findFirst(
Value '' not found in enum 'hospital_hospital_type'
node.exe : Error 
during test: PrismaCl
ientUnknownRequestErr
or: 
At line:1 char:1
+ & "C:\Program Files
\nodejs/node.exe" 
"C:\Program 
Files\nodejs/node_mo 
...
+ ~~~~~~~~~~~~~~~~~~~
~~~~~~~~~~~~~~~~~~~~~
~~~~~~~~~~~~~~~~~~~~~
~~~~~~~~
    + CategoryInfo   
           : NotSpe  
  cified: (Error d   
 uring te...nRequ    
estError: :Strin    
g) [], RemoteExc    
eption
    + FullyQualified 
   ErrorId : Native  
  CommandError
 
Invalid `prisma.hospi
tal.findFirst()` 
invocation in
C:\Users\Ronii\Docume
nts\MediVault Files\b
ackend\src\modules\ho
spitals\hospital-admi
n.service.ts:19:55

  16 
  17 export class 
HospitalAdminService 
{
  18     private 
async getHospitalByAd
minId(adminId: 
number) {
ΓåÆ 19         const 
hospitalByAdmin = 
await prisma.hospital
.findFirst(
Value '' not found 
in enum 'hospital_hos
pital_type'
    at $n.handleReque
stError (C:\Users\Ron
ii\Documents\MediVaul
t Files\backend\node_
modules\@prisma\clien
t\runtime\library.js:
121:7505)
    at $n.handleAndLo
gRequestError (C:\Use
rs\Ronii\Documents\Me
diVault Files\backend
\node_modules\@prisma
\client\runtime\libra
ry.js:121:6623)
    at $n.request (C:
\Users\Ronii\Document
s\MediVault Files\bac
kend\node_modules\@pr
isma\client\runtime\l
ibrary.js:121:6307)
    at async l (C:\Us
ers\Ronii\Documents\M
ediVault Files\backen
d\node_modules\@prism
a\client\runtime\libr
ary.js:130:9633)
    at async Hospital
AdminService.getHospi
talByAdminId (C:\User
s\Ronii\Documents\Med
iVault Files\backend\
src\modules\hospitals
\hospital-admin.servi
ce.ts:19:33)
    at async 
testProfile (C:\Users
\Ronii\Documents\Medi
Vault Files\backend\s
rc\test-profile.ts:15
:25) {
  clientVersion: 
'5.22.0'
}
