scripts/create_test_accounts.ts(2,8): error TS1192: Module '"C:/Users/Ronii/Documents/MediVault Files/backend/node_modules/@types/bcryptjs/index"' has no default export.
scripts/simulate_flow.ts(9,18): error TS2353: Object literal may only specify known properties, and 'email' does not exist in type 'PatientWhereInput'.
